---
source: src/snek/mod.rs
expression: err
---
  x Compile Error

Error: 
  x Importing module '<redacted-path>' failed
  |->   x Inlining function failed
  |      ,-[<redacted-path>:6:18]
  |    5 |
  |    6 | export DEFAULT = Double(10);
  |      :                  ^^^|^^
  |      :                     `-- In this call
  |      `----
  |   
  `-> compiler::double_return
      
        x Multiple returns
         ,-[<redacted-path>:3:5]
       2 |     return Add(value, value);
       3 |     return Add(value, value);
         :     ^^^|^^
         :        `-- Second return after existing return.
       4 | }
         `----
      
   ,-[<redacted-path>:1:8]
 1 | import ".<redacted-path>" as lib;
   :        ^^^^^^^^^^^|^^^^^^^^^^
   :                   `-- In this import statement
 2 | 
   `----
