---
source: src/snek/mod.rs
expression: err
---
  x Compile Error

Error: compiler::item_not_found

  x 'ten' not found in scope
   ,-[<redacted-path>:1:18]
 1 | export DEFAULT = ten;
   :                  ^|^
   :                   `-- Item with this name not found
   `----
